[it.wikipedia.org/wiki/Oltretomba_(fumetto).html]
[backblue.gif]
[fade.gif]
[index.html]
[it.wikipedia.org/wiki/Android-app_/org.wikipedia/http/it.m.wikipedia.org/wiki/Oltretomba_(fumetto)]
[it.wikipedia.org/wiki/Italia.html]
[it.wikipedia.org/wiki/Lingua_italiana.html]
[it.wikipedia.org/wiki/Ediperiodici.html]
[it.wikipedia.org/wiki/AA.VV.html]
[it.wikipedia.org/wiki/Collana_editoriale.html]
[it.wikipedia.org/wiki/Orrore_(genere).html]
[it.wikipedia.org/wiki/Letteratura_erotica.html]
[it.wikipedia.org/wiki/Serie_a_fumetti.html]
[it.wikipedia.org/wiki/Horror.html]
[it.wikipedia.org/wiki/1971.html]
[it.wikipedia.org/wiki/Erotismo.html]
[it.wikipedia.org/wiki/Wikipedia_Uso_delle_fonti.html]
[it.wikipedia.org/wiki/Pornografia.html]
[it.wikipedia.org/wiki/Anni_ottanta.html]
[it.wikipedia.org/wiki/Anni_settanta.html]
[it.wikipedia.org/wiki/Lungometraggio.html]
[it.wikipedia.org/wiki/Mw-data_TemplateStyles_r99443316]
[it.wikipedia.org/wiki/Lorenzo_Lepori.html]
[it.wikipedia.org/wiki/Domiziano_Cristopharo.html]
[it.wikipedia.org/wiki/Bloody_Sin.html]
[it.wikipedia.org/wiki/Sergio_Rosi.html]
[it.wikipedia.org/wiki/Sergio_Montipò.html]
[it.wikipedia.org/wiki/Angelo_Todaro.html]
[it.wikipedia.org/wiki/Fumetto_nero_italiano.html]
[it.wikipedia.org/wiki/File_Nuvola_apps_package_favorite.html]
[it.wikipedia.org/wiki/Portale_Erotismo.html]
[it.wikipedia.org/wiki/File_Speech_balloon.html]
[it.wikipedia.org/wiki/Portale_Fumetti.html]
[it.wikipedia.org/wiki/Categoria_Categorie.html]
[it.wikipedia.org/wiki/Categoria_Fumetti_horror.html]
[it.wikipedia.org/wiki/Categoria_Fumetti_erotici.html]
[it.wikipedia.org/wiki/Categoria_Serie_regolari_a_fumetti.html]
[it.wikipedia.org/wiki/Categoria_Fumetti_del_1971.html]
[it.wikipedia.org/wiki/Categoria_Fumetti_italiani.html]
[it.wikipedia.org/wiki/Categoria_Fumetti_Ediperiodici.html]
[it.wikipedia.org/wiki/Categoria_Informazioni_senza_fonte.html]
[it.wikipedia.org/wiki/Speciale_MieDiscussioni.html]
[it.wikipedia.org/wiki/Pagina_principale.html]
[it.wikipedia.org/wiki/Speciale_MieiContributi.html]
[it.wikipedia.org/wiki/Speciale_UltimeModifiche.html]
[it.wikipedia.org/wiki/Adramittio.html]
[it.wikipedia.org/wiki/Speciale_NelleVicinanze.html]
[it.wikipedia.org/wiki/Wikipedia_Vetrina.html]
[it.wikipedia.org/wiki/Aiuto_Aiuto.html]
[it.wikipedia.org/wiki/Aiuto_Sportello_informazioni.html]
[it.wikipedia.org/wiki/Portale_Comunità.html]
[it.wikipedia.org/wiki/Wikipedia_Bar.html]
[it.wikipedia.org/wiki/Wikipedia_Wikipediano.html]
[it.wikipedia.org/wiki/Wikipedia_Contatti.html]
[it.wikipedia.org/wiki/Speciale_PuntanoQui/Oltretomba_(fumetto).html]
[it.wikipedia.org/wiki/Speciale_ModificheCorrelate/Oltretomba_(fumetto).html]
[it.wikipedia.org/wiki/Speciale_PagineSpeciali.html]
[it.wikipedia.org/wiki/Wikipedia_Sala_stampa/Wikipedia.html]
[it.wikipedia.org/wiki/Oltretomba_(fumetto).html]
[it.wikipedia.org/wiki/Android-app_/org.wikipedia/http/it.m.wikipedia.org/wiki/Oltretomba_(fumetto).html]
[it.wikipedia.org/wiki/Wikipedia_Avvertenze_generali.html]
[it.wikipedia.org/wiki/Android-app_/org.wikipedia/http/it.m.wikipedia.org/wiki/Lingua_italiana]
[it.wikipedia.org/wiki/Wikipedia_Politica_di_protezione_delle_pagine.html]
[it.wikipedia.org/wiki/File_Flag_of_San_Marino.html]
[it.wikipedia.org/wiki/File_Flag_of_Italy.html]
[it.wikipedia.org/wiki/San_Marino.html]
[it.wikipedia.org/wiki/File_Flag_of_the_Vatican_City.html]
[it.wikipedia.org/wiki/Città_del_Vaticano.html]
[it.wikipedia.org/wiki/File_Flag_of_Switzerland.html]
[it.wikipedia.org/wiki/Svizzera.html]
[it.wikipedia.org/wiki/Canton_Ticino.html]
[it.wikipedia.org/wiki/Grigioni_italiano.html]
[it.wikipedia.org/wiki/Slovenia.html]
[it.wikipedia.org/wiki/File_Flag_of_Slovenia.html]
[it.wikipedia.org/wiki/Litorale-Carso.html]
[it.wikipedia.org/wiki/File_Flag_of_Croatia.html]
[it.wikipedia.org/wiki/Croazia.html]
[it.wikipedia.org/wiki/Regione_istriana.html]
[it.wikipedia.org/wiki/Fiume_(Croazia).html]
[it.wikipedia.org/wiki/Dalmazia.html]
[it.wikipedia.org/wiki/Scrittura.html]
[it.wikipedia.org/wiki/Lingue_per_numero_di_parlanti_madrelingua.html]
[it.wikipedia.org/wiki/Alfabeto_latino.html]
[it.wikipedia.org/wiki/Tipologia_linguistica.html]
[it.wikipedia.org/wiki/Lingua_flessiva.html]
[it.wikipedia.org/wiki/Soggetto_Verbo_Oggetto.html]
[it.wikipedia.org/wiki/Lingua_nominativo-accusativa.html]
[it.wikipedia.org/wiki/Lingue_indoeuropee.html]
[it.wikipedia.org/wiki/Famiglia_linguistica.html]
[it.wikipedia.org/wiki/Lingue_italiche.html]
[it.wikipedia.org/wiki/Lingue_romanze.html]
[it.wikipedia.org/wiki/Lingue_italo-occidentali.html]
[it.wikipedia.org/wiki/Lingue_romanze_occidentali.html]
[it.wikipedia.org/wiki/Lingue_italo-dalmate.html]
[it.wikipedia.org/wiki/Lingue_italo-romanze.html]
[it.wikipedia.org/wiki/Lingua_ufficiale.html]
[it.wikipedia.org/wiki/File_Flag_of_Europe.html]
[it.wikipedia.org/wiki/Unione_europea.html]
[it.wikipedia.org/wiki/File_Flag_of_the_Order_of_St._John_(various).html]
[it.wikipedia.org/wiki/Sovrano_militare_ordine_di_Malta.html]
[it.wikipedia.org/wiki/ISO_639.html]
[it.wikipedia.org/wiki/ISO_639-2.html]
[it.wikipedia.org/wiki/ISO_639-3.html]
[it.wikipedia.org/wiki/Glottolog.html]
[it.wikipedia.org/wiki/Linguasphere_Observatory.html]
[it.wikipedia.org/wiki/Dichiarazione_universale_dei_diritti_umani.html]
[it.wikipedia.org/wiki/File_Idioma_italiano.html]
[it.wikipedia.org/wiki/Template_Lingua/man.html]
[it.wikipedia.org/wiki/Aiuto_IPA_per_l'italiano.html]
[it.wikipedia.org/wiki/File_It-italiano.html]
[it.wikipedia.org/wiki/Lingua_(linguistica).html]
[it.wikipedia.org/wiki/Aiuto_File_multimediali.html]
[it.wikipedia.org/wiki/Varianti_regionali_della_lingua_italiana.html]
[it.wikipedia.org/wiki/Lingue_regionali.html]
[it.wikipedia.org/wiki/Lingue_parlate_in_Italia.html]
[it.wikipedia.org/wiki/Mezzo_di_comunicazione_di_massa]
[it.wikipedia.org/wiki/Lingua_italiana.html]
[it.wikipedia.org/wiki/Italia.html]
[it.wikipedia.org/wiki/AA.VV.html]
